// Jest Snapshot v1, https://goo.gl/fbAQLP

exports[`Image renders correctly 1`] = `
.c0 {
  margin: 0;
  position: relative;
  width: 100%;
  height: 100%;
}

.c0:before {
  display: block;
  content: '';
  width: 100%;
  padding-top: 20%;
}

.c1 {
  position: absolute;
  top: 0px;
  left: 0px;
  width: 100%;
  height: 100%;
  opacity: 1;
}

<div>
  <figure
    class="c0 class-name"
    data-testid="test-id"
  >
    
    <img
      class="c1"
      src="data:image/png;base64,iVBORw0KGgoAAAANSUhEUgAAAAEAAAABCAQAAAC1HAwCAAAAC0lEQVR42mNkqAcAAIUAgUW0RjgAAAAASUVORK5CYII="
      style="z-index: 100;"
    />
  </figure>
</div>
`;
