// Jest Snapshot v1, https://goo.gl/fbAQLP

exports[`Header renders correctly 1`] = `
.c2 {
  font-size: 2.2806973457336426rem;
  font-family: Pacifico,sans-serif;
  color: #F2C94C;
  line-height: 2;
  width: auto;
  -webkit-animation: dGzoaH 1s ease-out none;
  animation: dGzoaH 1s ease-out none;
}

.c0 {
  position: -webkit-sticky;
  position: sticky;
  top: 0;
  width: 100%;
  z-index: 1500;
  background-color: #343339;
}

.c1 {
  padding: 0 1rem;
  grid-column-gap: 0.49327018427257213rem;
  display: grid;
  grid-template-columns: repeat(8,1fr);
  width: 100%;
  max-width: 1440px;
  margin: 0 auto;
}

.c4 {
  grid-column: 1 / 9;
  display: -webkit-box;
  display: -webkit-flex;
  display: -ms-flexbox;
  display: flex;
  padding: 0 0 1.601806640625rem 0;
}

.c6 {
  height: 3.247321025468409rem;
  width: 3.247321025468409rem;
  border: none;
  background-color: #ECE9DE;
  padding: 0;
  margin: 0;
  cursor: pointer;
  border-radius: 0 10px 10px 0;
}

.c5 {
  border: none;
  line-height: 1.75;
  height: 3.247321025468409rem;
  color: #5D899E;
  background-color: #ECE9DE;
  font-size: 1rem;
  font-family: Open Sans,sans-serif;
  padding: 0 1rem;
  width: 100%;
  border-radius: 10px 0 0 10px;
}

.c3 {
  padding: 0.7901234567901234rem 0;
  grid-column: 1 / 9;
  justify-self: center;
}

@media screen and (min-width:768px) {
  .c1 {
    padding: 0 1.423828125rem;
  }
}

@media screen and (min-width:1024px) {
  .c1 {
    padding: 0 2.0272865295410156rem;
  }
}

@media screen and (min-width:768px) {
  .c1 {
    grid-column-gap: 1rem;
  }
}

@media screen and (min-width:768px) {
  .c3 {
    justify-self: left;
    grid-column: 1 / 4;
  }
}

<div>
  <header
    class="c0"
  >
    <div
      class="c1"
    >
      <label
        class="c2 c3"
      >
        üê§gifduck
      </label>
      <form
        class="c4"
      >
        <input
          class="c5"
          name="search"
          placeholder="Search for Images..."
          type="text"
        />
        <button
          class="c6"
        >
          üîé
        </button>
      </form>
    </div>
  </header>
</div>
`;
