// Jest Snapshot v1, https://goo.gl/fbAQLP

exports[`Gallery renders correctly 1`] = `
.c0 {
  margin: 0;
  padding: 0;
  list-style: none;
  line-height: 0;
  -webkit-column-count: 1;
  column-count: 1;
  -webkit-column-gap: 0;
  column-gap: 0;
}

@media screen and (min-width:768px) {
  .c0 {
    -webkit-column-count: 2;
    column-count: 2;
  }
}

@media screen and (min-width:1024px) {
  .c0 {
    -webkit-column-count: 4;
    column-count: 4;
  }
}

<div>
  <ul
    class="c0"
  />
</div>
`;
