// Jest Snapshot v1, https://goo.gl/fbAQLP

exports[`SearchResults renders correctly 1`] = `
.c1 {
  padding: 0;
  display: grid;
  grid-row-gap: 0.8888888888888888rem;
  grid-column-gap: 1%;
  grid-template-columns: 1fr;
}

.c3 {
  padding: 0;
  margin: 0;
  list-style: none;
  grid-area: auto / 1 / span 2 / 5;
}

.c4 {
  margin: 0;
  position: relative;
  width: 100%;
  height: 100%;
}

.c4:before {
  display: block;
  content: '';
  width: 100%;
  padding-top: 122.22%;
}

.c5 {
  position: absolute;
  top: 0;
  left: 0;
  width: 100%;
  height: 100%;
  opacity: 1;
  z-index: 1100;
}

.c0 {
  padding: 0 1rem;
  grid-column-gap: 0.49327018427257213rem;
  display: grid;
  grid-template-columns: repeat(8,1fr);
  width: 100%;
  max-width: 1440px;
  height: 100%;
}

.c2 {
  grid-column: 1 / 9;
}

@media screen and (min-width:768px) {
  .c1 {
    grid-row-gap: 1.601806640625rem;
    grid-template-columns: 6% 14% 11% 15% 5% 10% 9% 23%;
  }
}

@media screen and (min-width:768px) {
  .c3:first-of-type {
    grid-area: auto / 3 / span 1 / 7;
  }

  .c3:nth-of-type(2n) {
    grid-area: auto / 4 / span 1 / 9;
  }

  .c3:nth-of-type(3n) {
    grid-area: auto / 2 / span 1 / 7;
  }

  .c3:nth-of-type(4n) {
    grid-area: auto / 5 / span 1 / 9;
  }

  .c3:nth-of-type(7n) {
    grid-area: auto / 4 / span 1 / 6;
  }
}

@media screen and (min-width:768px) {
  .c0 {
    padding: 0 1.423828125rem;
  }
}

@media screen and (min-width:1024px) {
  .c0 {
    padding: 0 2.0272865295410156rem;
  }
}

@media screen and (min-width:768px) {
  .c0 {
    grid-column-gap: 1rem;
  }
}

<div>
  <section
    class="c0 class-name"
    data-testid="test-id"
  >
    <ul
      class="c1 c2"
    >
      <li
        class="c3"
      >
        <figure
          class="c4"
        >
          <img
            class="c5"
            src="data:image/png;base64,iVBORw0KGgoAAAANSUhEUgAAAAEAAAABCAQAAAC1HAwCAAAAC0lEQVR42mNkqAcAAIUAgUW0RjgAAAAASUVORK5CYII="
          />
        </figure>
      </li>
    </ul>
  </section>
</div>
`;
