// Jest Snapshot v1, https://goo.gl/fbAQLP

exports[`SearchResults renders correctly 1`] = `
.c2 {
  font-size: 2.565784513950348rem;
  font-family: Pacifico,sans-serif;
  color: #F2C94C;
  padding: 1.265625rem 0;
  width: auto;
}

.c1 {
  padding: 0 1rem;
  grid-column-gap: 0.49327018427257213rem;
  display: grid;
  grid-template-columns: repeat(8,1fr);
  width: 100%;
  max-width: 1440px;
  position: -webkit-sticky;
  position: sticky;
  top: 0;
  width: 100%;
  z-index: 1500;
  background-color: #343339;
  -webkit-align-self: center;
  -ms-flex-item-align: center;
  align-self: center;
}

.c4 {
  grid-column: 1 / 9;
  display: -webkit-box;
  display: -webkit-flex;
  display: -ms-flexbox;
  display: flex;
}

.c6 {
  height: 3.247321025468409rem;
  width: 3.247321025468409rem;
  border: none;
  background-color: #ECE9DE;
  padding: 0;
  margin: 0;
  cursor: pointer;
}

.c5 {
  border: none;
  line-height: 1.75;
  height: 3.247321025468409rem;
  color: #5D899E;
  background-color: #ECE9DE;
  font-size: 1rem;
  font-family: Open Sans,sans-serif;
  padding: 0 1rem;
  width: 100%;
}

.c3 {
  grid-column: 1 / 9;
  justify-self: center;
}

.c11 {
  margin: auto 0 0 0;
  width: 100%;
  min-height: 10.5450938424492rem;
  background-color: #F2C94C;
  -webkit-align-items: center;
  -webkit-box-align: center;
  -ms-flex-align: center;
  align-items: center;
  -webkit-box-pack: center;
  -webkit-justify-content: center;
  -ms-flex-pack: center;
  justify-content: center;
  display: -webkit-box;
  display: -webkit-flex;
  display: -ms-flexbox;
  display: flex;
  padding: 1.423828125rem 0px;
}

.c12 {
  color: #0D2E4D;
  font-family: Pacifico,sans-serif;
}

.c9 {
  margin: 0;
  padding: 0;
  list-style: none;
  line-height: 0;
  -webkit-column-count: 1;
  column-count: 1;
  -webkit-column-gap: 0;
  column-gap: 0;
}

.c8 {
  background-color: #343339;
  padding: 0 1rem;
  grid-column-gap: 0.49327018427257213rem;
  display: grid;
  grid-template-columns: repeat(8,1fr);
  width: 100%;
  max-width: 1440px;
}

.c10 {
  grid-column: 1 / 9;
}

.c0 {
  min-height: 100vh;
  display: -webkit-box;
  display: -webkit-flex;
  display: -ms-flexbox;
  display: flex;
  -webkit-flex-direction: column;
  -ms-flex-direction: column;
  flex-direction: column;
  background-color: #343339;
}

.c7 {
  display: -webkit-box;
  display: -webkit-flex;
  display: -ms-flexbox;
  display: flex;
  -webkit-flex-direction: column;
  -ms-flex-direction: column;
  flex-direction: column;
  -webkit-flex-wrap: wrap;
  -ms-flex-wrap: wrap;
  flex-wrap: wrap;
  -webkit-align-items: center;
  -webkit-box-align: center;
  -ms-flex-align: center;
  align-items: center;
  min-height: 50vh;
  padding: 3.247321025468409rem 0;
}

@media screen and (min-width:768px) {
  .c1 {
    padding: 0 1.423828125rem;
  }
}

@media screen and (min-width:1024px) {
  .c1 {
    padding: 0 2.0272865295410156rem;
  }
}

@media screen and (min-width:768px) {
  .c1 {
    grid-column-gap: 1rem;
  }
}

@media screen and (min-width:768px) {
  .c3 {
    justify-self: left;
    grid-column: 1 / 4;
  }
}

@media screen and (min-width:768px) {
  .c9 {
    -webkit-column-count: 2;
    column-count: 2;
  }
}

@media screen and (min-width:1024px) {
  .c9 {
    -webkit-column-count: 4;
    column-count: 4;
  }
}

@media screen and (min-width:768px) {
  .c8 {
    padding: 0 1.423828125rem;
  }
}

@media screen and (min-width:1024px) {
  .c8 {
    padding: 0 2.0272865295410156rem;
  }
}

@media screen and (min-width:768px) {
  .c8 {
    grid-column-gap: 1rem;
  }
}

<div>
  <div
    class="c0"
  >
    <header
      class="c1"
    >
      <label
        class="c2 c3"
      >
        üê§ gifduck
      </label>
      <form
        class="c4"
      >
        <input
          class="c5"
          name="search"
          placeholder="Search for Images..."
          type="text"
        />
        <button
          class="c6"
        >
          üîé
        </button>
      </form>
    </header>
    <main
      class="c7"
    >
      <section
        class="c8"
      >
        <ul
          class="c9 c10"
        />
      </section>
    </main>
    <footer
      class="c11"
    >
      <span
        class="c12"
      >
        @gifduck by Tomasz Mittlener
      </span>
    </footer>
  </div>
</div>
`;
