// Jest Snapshot v1, https://goo.gl/fbAQLP

exports[`Logo renders correctly 1`] = `
.c0 {
  font-size: 2.2806973457336426rem;
  font-family: Pacifico,sans-serif;
  color: #F2C94C;
  line-height: 2;
  width: auto;
  -webkit-animation: dGzoaH 1s ease-out none;
  animation: dGzoaH 1s ease-out none;
}

<div>
  <label
    class="c0"
  >
    üê§gifduck
  </label>
</div>
`;
