// Jest Snapshot v1, https://goo.gl/fbAQLP

exports[`GalleryItem renders correctly 1`] = `
.c0 {
  display: block;
}

<div>
  <li
    class="c0"
  />
</div>
`;
